
> qi-ui-automation@0.1.0 test:headed
> playwright test --headed --project=chromium automation/tests/agent3.spec.ts


Running 1 test using 1 worker

  Γ£ÿ  1 [chromium] ΓÇ║ automation\tests\agent3.spec.ts:5:3 ΓÇ║ Agent 3 - Auto invoke ΓÇ║ runs agent 3 workflow (5.1m)


  1) [chromium] ΓÇ║ automation\tests\agent3.spec.ts:5:3 ΓÇ║ Agent 3 - Auto invoke ΓÇ║ runs agent 3 workflow 

    [31mTest timeout of 300000ms exceeded.[39m

    Error: [2mexpect([22m[31mlocator[39m[2m).[22mtoBeVisible[2m([22m[2m)[22m failed

    Locator: getByText(/dd\s*\/\s*mm\s*\/\s*yyyy/i).first()
    Expected: visible
    Error: element(s) not found

    Call log:
    [2m  - Expect "toBeVisible" with timeout 180000ms[22m
    [2m  - waiting for getByText(/dd\s*\/\s*mm\s*\/\s*yyyy/i).first()[22m


       at ..\workflows\agent3.ts:70

      68 |   // so matching "*Date" is flaky. Anchor on the placeholder text instead.
      69 |   const datePlaceholder = dateCtx.getByText(/dd\s*\/\s*mm\s*\/\s*yyyy/i).first();
    > 70 |   await expect(datePlaceholder).toBeVisible({ timeout: 180_000 });
         |                                 ^
      71 |   // Also ensure the Proceed button exists for this step (guards against being on the wrong card).
      72 |   await expect(dateCtx.getByRole('button', { name: /^proceed$/i })).toBeVisible({ timeout: 180_000 });
      73 |
        at workflowAgent3 (C:\Users\akshaya.reddy\Desktop\Qi_UI\automation\workflows\agent3.ts:70:33)
        at runAutoInvokeFlow (C:\Users\akshaya.reddy\Desktop\Qi_UI\automation\tests\helpers\runAutoInvokeFlow.ts:20:3)
        at C:\Users\akshaya.reddy\Desktop\Qi_UI\automation\tests\agent3.spec.ts:6:5

    attachment #1: screenshot (image/png) ΓöÇΓöÇΓöÇΓöÇΓöÇΓöÇΓöÇΓöÇΓöÇΓöÇΓöÇΓöÇΓöÇΓöÇΓöÇΓöÇΓöÇΓöÇΓöÇΓöÇΓöÇΓöÇΓöÇΓöÇΓöÇΓöÇΓöÇΓöÇΓöÇΓöÇΓöÇΓöÇΓöÇΓöÇΓöÇΓöÇΓöÇΓöÇΓöÇΓöÇΓöÇΓöÇΓöÇΓöÇΓöÇΓöÇΓöÇΓöÇΓöÇΓöÇΓöÇΓöÇΓöÇΓöÇΓöÇΓöÇΓöÇΓöÇ
    test-results\agent3-Agent-3---Auto-invoke-runs-agent-3-workflow-chromium\test-failed-1.png
    ΓöÇΓöÇΓöÇΓöÇΓöÇΓöÇΓöÇΓöÇΓöÇΓöÇΓöÇΓöÇΓöÇΓöÇΓöÇΓöÇΓöÇΓöÇΓöÇΓöÇΓöÇΓöÇΓöÇΓöÇΓöÇΓöÇΓöÇΓöÇΓöÇΓöÇΓöÇΓöÇΓöÇΓöÇΓöÇΓöÇΓöÇΓöÇΓöÇΓöÇΓöÇΓöÇΓöÇΓöÇΓöÇΓöÇΓöÇΓöÇΓöÇΓöÇΓöÇΓöÇΓöÇΓöÇΓöÇΓöÇΓöÇΓöÇΓöÇΓöÇΓöÇΓöÇΓöÇΓöÇΓöÇΓöÇΓöÇΓöÇΓöÇΓöÇΓöÇΓöÇΓöÇΓöÇΓöÇΓöÇΓöÇΓöÇΓöÇΓöÇΓöÇΓöÇΓöÇΓöÇΓöÇΓöÇΓöÇΓöÇΓöÇΓöÇΓöÇΓöÇΓöÇΓöÇΓöÇΓöÇ

    attachment #2: video (video/webm) ΓöÇΓöÇΓöÇΓöÇΓöÇΓöÇΓöÇΓöÇΓöÇΓöÇΓöÇΓöÇΓöÇΓöÇΓöÇΓöÇΓöÇΓöÇΓöÇΓöÇΓöÇΓöÇΓöÇΓöÇΓöÇΓöÇΓöÇΓöÇΓöÇΓöÇΓöÇΓöÇΓöÇΓöÇΓöÇΓöÇΓöÇΓöÇΓöÇΓöÇΓöÇΓöÇΓöÇΓöÇΓöÇΓöÇΓöÇΓöÇΓöÇΓöÇΓöÇΓöÇΓöÇΓöÇΓöÇΓöÇΓöÇΓöÇΓöÇΓöÇΓöÇΓöÇ
    test-results\agent3-Agent-3---Auto-invoke-runs-agent-3-workflow-chromium\video.webm
    ΓöÇΓöÇΓöÇΓöÇΓöÇΓöÇΓöÇΓöÇΓöÇΓöÇΓöÇΓöÇΓöÇΓöÇΓöÇΓöÇΓöÇΓöÇΓöÇΓöÇΓöÇΓöÇΓöÇΓöÇΓöÇΓöÇΓöÇΓöÇΓöÇΓöÇΓöÇΓöÇΓöÇΓöÇΓöÇΓöÇΓöÇΓöÇΓöÇΓöÇΓöÇΓöÇΓöÇΓöÇΓöÇΓöÇΓöÇΓöÇΓöÇΓöÇΓöÇΓöÇΓöÇΓöÇΓöÇΓöÇΓöÇΓöÇΓöÇΓöÇΓöÇΓöÇΓöÇΓöÇΓöÇΓöÇΓöÇΓöÇΓöÇΓöÇΓöÇΓöÇΓöÇΓöÇΓöÇΓöÇΓöÇΓöÇΓöÇΓöÇΓöÇΓöÇΓöÇΓöÇΓöÇΓöÇΓöÇΓöÇΓöÇΓöÇΓöÇΓöÇΓöÇΓöÇΓöÇΓöÇ

    Error Context: test-results\agent3-Agent-3---Auto-invoke-runs-agent-3-workflow-chromium\error-context.md

  Slow test file: [chromium] ΓÇ║ automation\tests\agent3.spec.ts (5.1m)
  Consider running tests from slow files in parallel. See: https://playwright.dev/docs/test-parallel
  1 failed
    [chromium] ΓÇ║ automation\tests\agent3.spec.ts:5:3 ΓÇ║ Agent 3 - Auto invoke ΓÇ║ runs agent 3 workflow 

To open last HTML report run:
[36m[39m
[36m  npx playwright show-report[39m
[36m[39m
